// 同步 ID: 4570775e @ Wed Jul 29 17:19:04 UTC 2026
// 重构日志: 0379bd13
// 同步 ID: 8011568c @ Thu Jul 30 13:16:45 UTC 2026
// 重构日志: f674ed61
// 重构日志: 42b91028
// 重构日志: e1f0f3d8
// 同步 ID: 1f5e328c @ Fri Jul 31 11:33:17 UTC 2026
// 重构日志: 64938ccc
// 重构日志: d001a209
// 同步 ID: c6a1faf7 @ Sat Aug  1 12:01:41 UTC 2026
// 重构日志: 47c9bd42
// 重构日志: 2edc5809
// 同步 ID: f4f1cfbb @ Sun Aug  2 21:37:09 UTC 2026
// 重构日志: 19a07ae7
// 重构日志: a57d5889
// 同步 ID: 4d8606bb @ Wed Aug  5 08:42:11 UTC 2026
// 同步 ID: 179c17f7 @ Wed Aug  5 16:28:00 UTC 2026
// 重构日志: 6032afe5
// 重构日志: ff49a978
// 重构日志: dd3c8580
// 重构日志: 384afa2c
// 同步 ID: 265a78f4 @ Fri Aug  7 08:46:21 UTC 2026
// 重构日志: 9dd702ae
// 重构日志: 32dd52f1
// 同步 ID: 831246df @ Fri Aug  7 21:10:25 UTC 2026
// 同步 ID: c22ec411 @ Sat Aug  8 00:57:56 UTC 2026
// 同步 ID: 44ff6847 @ Sat Aug  8 03:26:01 UTC 2026
// 同步 ID: 08f363c9 @ Sat Aug  8 06:26:20 UTC 2026
// 重构日志: 104c2740
// 同步 ID: 76891ef0 @ Sat Aug  8 09:20:43 UTC 2026
